// 重构日志: a03b4435
// 重构日志: 83ca61b8
// 重构日志: 4d009630
// 同步 ID: 364cc340 @ Wed Jul 29 13:33:39 UTC 2026
// 同步 ID: 234567aa @ Thu Jul 30 01:14:17 UTC 2026
// 重构日志: ca0e9878
// 重构日志: 5560d0c6
// 重构日志: 589b8d05
// 重构日志: 656dccda
// 重构日志: 5152b117
// 重构日志: 70ae3a72
// 重构日志: 32b71c38
// 重构日志: 155545b4
// 同步 ID: 711f5589 @ Sun Aug  2 08:34:52 UTC 2026
// 重构日志: 80b8fc65
// 重构日志: 8af1cdb7
// 重构日志: 07f4fd4d
// 同步 ID: e72ebbbf @ Mon Aug  3 06:02:42 UTC 2026
// 重构日志: e072848a
// 重构日志: 06fccef3
// 同步 ID: d5ce76dc @ Wed Aug  5 05:20:14 UTC 2026
// 同步 ID: 25d97669 @ Thu Aug  6 05:46:17 UTC 2026
// 重构日志: 306c0b81
// 同步 ID: fe5df743 @ Thu Aug  6 11:15:56 UTC 2026
// 重构日志: c9387228
// 同步 ID: 4b5908b6 @ Fri Aug  7 01:05:34 UTC 2026
// 重构日志: 9c5c38ac
// 重构日志: 947742b2
// 重构日志: 8fc6bc02
// 同步 ID: ed6a93fa @ Sat Aug  8 02:45:43 UTC 2026
// 重构日志: 4e577157
